-----
Создание нового пользователя с наделением его правами на базу геодата
-----


C:\Program Files\MySQL\MySQL Server 8.0\bin>mysql -u root -p
Enter password: *****
Welcome to the MySQL monitor.  Commands end with ; or \g.
Your MySQL connection id is 12
Server version: 8.0.19 MySQL Community Server - GPL

Copyright (c) 2000, 2020, Oracle and/or its affiliates. All rights reserved.

Oracle is a registered trademark of Oracle Corporation and/or its
affiliates. Other names may be trademarks of their respective
owners.

Type 'help;' or '\h' for help. Type '\c' to clear the current input statement.

mysql> create user 'one'@'localhost' identified by '12345'
    -> ;
Query OK, 0 rows affected (1.33 sec)

mysql> grant all privileges on geodata to 'one'@'localhost';
ERROR 1046 (3D000): No database selected
mysql> grant all privileges on geodata._cities to 'one'@'localhost';
Query OK, 0 rows affected (0.19 sec)


-----
Создание копии базы, удаление базы, танцы с бубном, восстановление базы
-----

Microsoft Windows [Version 10.0.18363.959]
(c) Корпорация Майкрософт (Microsoft Corporation), 2019. Все права защищены.

C:\WINDOWS\system32>C:\Program Files\MySQL\MySQL Server 8.0\bin>
Ошибка в синтаксисе команды.

C:\WINDOWS\system32>cd C:\Program Files\MySQL\MySQL Server 8.0\bin

C:\Program Files\MySQL\MySQL Server 8.0\bin>mysqldump -u root -p shop1 > shop1_dump.sql
Enter password: *****

C:\Program Files\MySQL\MySQL Server 8.0\bin>mysql -u root -p
Enter password: *****
Welcome to the MySQL monitor.  Commands end with ; or \g.
Your MySQL connection id is 24
Server version: 8.0.19 MySQL Community Server - GPL

Copyright (c) 2000, 2020, Oracle and/or its affiliates. All rights reserved.

Oracle is a registered trademark of Oracle Corporation and/or its
affiliates. Other names may be trademarks of their respective
owners.

Type 'help;' or '\h' for help. Type '\c' to clear the current input statement.

mysql> delete database shop1;
ERROR 1064 (42000): You have an error in your SQL syntax; check the manual that corresponds to your MySQL server version for the right syntax to use near 'database shop1' at line 1
mysql> mysqladmin drop shop1;
ERROR 1064 (42000): You have an error in your SQL syntax; check the manual that corresponds to your MySQL server version for the right syntax to use near 'mysqladmin drop shop1' at line 1
mysql> exit
Bye

C:\Program Files\MySQL\MySQL Server 8.0\bin>mysqladmin -u root -p drop shop1
Enter password: *****
Dropping the database is potentially a very bad thing to do.
Any data stored in the database will be destroyed.

Do you really want to drop the 'shop1' database [y/N] y
Database "shop1" dropped

C:\Program Files\MySQL\MySQL Server 8.0\bin>mysql -u root -p <shop1_dump.sql
Enter password: *****
ERROR 1046 (3D000) at line 22: No database selected

C:\Program Files\MySQL\MySQL Server 8.0\bin>mysql -u root -p <shop1_dump.sql
Enter password: *****
ERROR 1046 (3D000) at line 22: No database selected

C:\Program Files\MySQL\MySQL Server 8.0\bin>mysql -u root -p shop1 <shop1_dump.sql
Enter password: *****

C:\Program Files\MySQL\MySQL Server 8.0\bin>